Archive member included to satisfy reference by file (symbol)

/opt/st/stm32cubeide_1.18.0/plugins/com.st.stm32cube.ide.mcu.externaltools.gnu-tools-for-stm32.13.3.rel1.linux64_1.0.0.202410170706/tools/bin/../lib/gcc/arm-none-eabi/13.3.1/../../../../arm-none-eabi/lib/thumb/v7e-m+fp/hard/libc_nano.a(libc_a-exit.o)
                              /opt/st/stm32cubeide_1.18.0/plugins/com.st.stm32cube.ide.mcu.externaltools.gnu-tools-for-stm32.13.3.rel1.linux64_1.0.0.202410170706/tools/bin/../lib/gcc/arm-none-eabi/13.3.1/../../../../arm-none-eabi/lib/thumb/v7e-m+fp/hard/crt0.o (exit)
/opt/st/stm32cubeide_1.18.0/plugins/com.st.stm32cube.ide.mcu.externaltools.gnu-tools-for-stm32.13.3.rel1.linux64_1.0.0.202410170706/tools/bin/../lib/gcc/arm-none-eabi/13.3.1/../../../../arm-none-eabi/lib/thumb/v7e-m+fp/hard/libc_nano.a(libc_a-findfp.o)
                              /opt/st/stm32cubeide_1.18.0/plugins/com.st.stm32cube.ide.mcu.externaltools.gnu-tools-for-stm32.13.3.rel1.linux64_1.0.0.202410170706/tools/bin/../lib/gcc/arm-none-eabi/13.3.1/../../../../arm-none-eabi/lib/thumb/v7e-m+fp/hard/libc_nano.a(libc_a-exit.o) (__stdio_exit_handler)
/opt/st/stm32cubeide_1.18.0/plugins/com.st.stm32cube.ide.mcu.externaltools.gnu-tools-for-stm32.13.3.rel1.linux64_1.0.0.202410170706/tools/bin/../lib/gcc/arm-none-eabi/13.3.1/../../../../arm-none-eabi/lib/thumb/v7e-m+fp/hard/libc_nano.a(libc_a-fwalk.o)
                              /opt/st/stm32cubeide_1.18.0/plugins/com.st.stm32cube.ide.mcu.externaltools.gnu-tools-for-stm32.13.3.rel1.linux64_1.0.0.202410170706/tools/bin/../lib/gcc/arm-none-eabi/13.3.1/../../../../arm-none-eabi/lib/thumb/v7e-m+fp/hard/libc_nano.a(libc_a-findfp.o) (_fwalk_sglue)
/opt/st/stm32cubeide_1.18.0/plugins/com.st.stm32cube.ide.mcu.externaltools.gnu-tools-for-stm32.13.3.rel1.linux64_1.0.0.202410170706/tools/bin/../lib/gcc/arm-none-eabi/13.3.1/../../../../arm-none-eabi/lib/thumb/v7e-m+fp/hard/libc_nano.a(libc_a-sprintf.o)
                              ./Src/main.o (sprintf)
/opt/st/stm32cubeide_1.18.0/plugins/com.st.stm32cube.ide.mcu.externaltools.gnu-tools-for-stm32.13.3.rel1.linux64_1.0.0.202410170706/tools/bin/../lib/gcc/arm-none-eabi/13.3.1/../../../../arm-none-eabi/lib/thumb/v7e-m+fp/hard/libc_nano.a(libc_a-stdio.o)
                              /opt/st/stm32cubeide_1.18.0/plugins/com.st.stm32cube.ide.mcu.externaltools.gnu-tools-for-stm32.13.3.rel1.linux64_1.0.0.202410170706/tools/bin/../lib/gcc/arm-none-eabi/13.3.1/../../../../arm-none-eabi/lib/thumb/v7e-m+fp/hard/libc_nano.a(libc_a-findfp.o) (__sread)
/opt/st/stm32cubeide_1.18.0/plugins/com.st.stm32cube.ide.mcu.externaltools.gnu-tools-for-stm32.13.3.rel1.linux64_1.0.0.202410170706/tools/bin/../lib/gcc/arm-none-eabi/13.3.1/../../../../arm-none-eabi/lib/thumb/v7e-m+fp/hard/libc_nano.a(libc_a-memset.o)
                              /opt/st/stm32cubeide_1.18.0/plugins/com.st.stm32cube.ide.mcu.externaltools.gnu-tools-for-stm32.13.3.rel1.linux64_1.0.0.202410170706/tools/bin/../lib/gcc/arm-none-eabi/13.3.1/../../../../arm-none-eabi/lib/thumb/v7e-m+fp/hard/crt0.o (memset)
/opt/st/stm32cubeide_1.18.0/plugins/com.st.stm32cube.ide.mcu.externaltools.gnu-tools-for-stm32.13.3.rel1.linux64_1.0.0.202410170706/tools/bin/../lib/gcc/arm-none-eabi/13.3.1/../../../../arm-none-eabi/lib/thumb/v7e-m+fp/hard/libc_nano.a(libc_a-closer.o)
                              /opt/st/stm32cubeide_1.18.0/plugins/com.st.stm32cube.ide.mcu.externaltools.gnu-tools-for-stm32.13.3.rel1.linux64_1.0.0.202410170706/tools/bin/../lib/gcc/arm-none-eabi/13.3.1/../../../../arm-none-eabi/lib/thumb/v7e-m+fp/hard/libc_nano.a(libc_a-stdio.o) (_close_r)
/opt/st/stm32cubeide_1.18.0/plugins/com.st.stm32cube.ide.mcu.externaltools.gnu-tools-for-stm32.13.3.rel1.linux64_1.0.0.202410170706/tools/bin/../lib/gcc/arm-none-eabi/13.3.1/../../../../arm-none-eabi/lib/thumb/v7e-m+fp/hard/libc_nano.a(libc_a-reent.o)
                              /opt/st/stm32cubeide_1.18.0/plugins/com.st.stm32cube.ide.mcu.externaltools.gnu-tools-for-stm32.13.3.rel1.linux64_1.0.0.202410170706/tools/bin/../lib/gcc/arm-none-eabi/13.3.1/../../../../arm-none-eabi/lib/thumb/v7e-m+fp/hard/libc_nano.a(libc_a-closer.o) (errno)
/opt/st/stm32cubeide_1.18.0/plugins/com.st.stm32cube.ide.mcu.externaltools.gnu-tools-for-stm32.13.3.rel1.linux64_1.0.0.202410170706/tools/bin/../lib/gcc/arm-none-eabi/13.3.1/../../../../arm-none-eabi/lib/thumb/v7e-m+fp/hard/libc_nano.a(libc_a-impure.o)
                              /opt/st/stm32cubeide_1.18.0/plugins/com.st.stm32cube.ide.mcu.externaltools.gnu-tools-for-stm32.13.3.rel1.linux64_1.0.0.202410170706/tools/bin/../lib/gcc/arm-none-eabi/13.3.1/../../../../arm-none-eabi/lib/thumb/v7e-m+fp/hard/libc_nano.a(libc_a-sprintf.o) (_impure_ptr)
/opt/st/stm32cubeide_1.18.0/plugins/com.st.stm32cube.ide.mcu.externaltools.gnu-tools-for-stm32.13.3.rel1.linux64_1.0.0.202410170706/tools/bin/../lib/gcc/arm-none-eabi/13.3.1/../../../../arm-none-eabi/lib/thumb/v7e-m+fp/hard/libc_nano.a(libc_a-lseekr.o)
[...]
Memory Configuration

Name             Origin             Length             Attributes
RAM              0x20000000         0x00020000         xrw
FLASH            0x08000000         0x00080000         xr
*default*        0x00000000         0xffffffff

Linker script and memory map

LOAD /opt/st/stm32cubeide_1.18.0/plugins/com.st.stm32cube.ide.mcu.externaltools.gnu-tools-for-stm32.13.3.rel1.linux64_1.0.0.202410170706/tools/bin/../lib/gcc/arm-none-eabi/13.3.1/thumb/v7e-m+fp/hard/crti.o
LOAD /opt/st/stm32cubeide_1.18.0/plugins/com.st.stm32cube.ide.mcu.externaltools.gnu-tools-for-stm32.13.3.rel1.linux64_1.0.0.202410170706/tools/bin/../lib/gcc/arm-none-eabi/13.3.1/thumb/v7e-m+fp/hard/crtbegin.o
LOAD /opt/st/stm32cubeide_1.18.0/plugins/com.st.stm32cube.ide.mcu.externaltools.gnu-tools-for-stm32.13.3.rel1.linux64_1.0.0.202410170706/tools/bin/../lib/gcc/arm-none-eabi/13.3.1/../../../../arm-none-eabi/lib/thumb/v7e-m+fp/hard/crt0.o
LOAD ./Src/control.o
LOAD ./Src/init.o
LOAD ./Src/main.o
LOAD ./Src/syscalls.o
LOAD ./Src/sysmem.o
LOAD ./Src/timer.o
LOAD ./Src/uart.o
LOAD ./Src/ultrasonic.o
LOAD ./Src/vesc.o
LOAD ./Startup/startup_stm32f446retx.o
START GROUP
LOAD /opt/st/stm32cubeide_1.18.0/plugins/com.st.stm32cube.ide.mcu.externaltools.gnu-tools-for-stm32.13.3.rel1.linux64_1.0.0.202410170706/tools/bin/../lib/gcc/arm-none-eabi/13.3.1/../../../../arm-none-eabi/lib/thumb/v7e-m+fp/hard/libc_nano.a
LOAD /opt/st/stm32cubeide_1.18.0/plugins/com.st.stm32cube.ide.mcu.externaltools.gnu-tools-for-stm32.13.3.rel1.linux64_1.0.0.202410170706/tools/bin/../lib/gcc/arm-none-eabi/13.3.1/../../../../arm-none-eabi/lib/thumb/v7e-m+fp/hard/libm.a
END GROUP
START GROUP
LOAD /opt/st/stm32cubeide_1.18.0/plugins/com.st.stm32cube.ide.mcu.externaltools.gnu-tools-for-stm32.13.3.rel1.linux64_1.0.0.202410170706/tools/bin/../lib/gcc/arm-none-eabi/13.3.1/thumb/v7e-m+fp/hard/libgcc.a
LOAD /opt/st/stm32cubeide_1.18.0/plugins/com.st.stm32cube.ide.mcu.externaltools.gnu-tools-for-stm32.13.3.rel1.linux64_1.0.0.202410170706/tools/bin/../lib/gcc/arm-none-eabi/13.3.1/../../../../arm-none-eabi/lib/thumb/v7e-m+fp/hard/libc_nano.a
END GROUP
START GROUP
LOAD /opt/st/stm32cubeide_1.18.0/plugins/com.st.stm32cube.ide.mcu.externaltools.gnu-tools-for-stm32.13.3.rel1.linux64_1.0.0.202410170706/tools/bin/../lib/gcc/arm-none-eabi/13.3.1/thumb/v7e-m+fp/hard/libgcc.a
LOAD /opt/st/stm32cubeide_1.18.0/plugins/com.st.stm32cube.ide.mcu.externaltools.gnu-tools-for-stm32.13.3.rel1.linux64_1.0.0.202410170706/tools/bin/../lib/gcc/arm-none-eabi/13.3.1/../../../../arm-none-eabi/lib/thumb/v7e-m+fp/hard/libc_nano.a
LOAD /opt/st/stm32cubeide_1.18.0/plugins/com.st.stm32cube.ide.mcu.externaltools.gnu-tools-for-stm32.13.3.rel1.linux64_1.0.0.202410170706/tools/bin/../lib/gcc/arm-none-eabi/13.3.1/../../../../arm-none-eabi/lib/thumb/v7e-m+fp/hard/libnosys.a
END GROUP
START GROUP
LOAD /opt/st/stm32cubeide_1.18.0/plugins/com.st.stm32cube.ide.mcu.externaltools.gnu-tools-for-stm32.13.3.rel1.linux64_1.0.0.202410170706/tools/bin/../lib/gcc/arm-none-eabi/13.3.1/thumb/v7e-m+fp/hard/libgcc.a
LOAD /opt/st/stm32cubeide_1.18.0/plugins/com.st.stm32cube.ide.mcu.externaltools.gnu-tools-for-stm32.13.3.rel1.linux64_1.0.0.202410170706/tools/bin/../lib/gcc/arm-none-eabi/13.3.1/../../../../arm-none-eabi/lib/thumb/v7e-m+fp/hard/libc_nano.a
LOAD /opt/st/stm32cubeide_1.18.0/plugins/com.st.stm32cube.ide.mcu.externaltools.gnu-tools-for-stm32.13.3.rel1.linux64_1.0.0.202410170706/tools/bin/../lib/gcc/arm-none-eabi/13.3.1/../../../../arm-none-eabi/lib/thumb/v7e-m+fp/hard/libnosys.a
END GROUP
LOAD /opt/st/stm32cubeide_1.18.0/plugins/com.st.stm32cube.ide.mcu.externaltools.gnu-tools-for-stm32.13.3.rel1.linux64_1.0.0.202410170706/tools/bin/../lib/gcc/arm-none-eabi/13.3.1/thumb/v7e-m+fp/hard/crtend.o
LOAD /opt/st/stm32cubeide_1.18.0/plugins/com.st.stm32cube.ide.mcu.externaltools.gnu-tools-for-stm32.13.3.rel1.linux64_1.0.0.202410170706/tools/bin/../lib/gcc/arm-none-eabi/13.3.1/thumb/v7e-m+fp/hard/crtn.o
                0x20020000                        _estack = (ORIGIN (RAM) + LENGTH (RAM))
                0x00000200                        _Min_Heap_Size = 0x200
                0x00000400                        _Min_Stack_Size = 0x400

.isr_vector     0x08000000      0x1c4
                0x08000000                        . = ALIGN (0x4)
 *(.isr_vector)
 .isr_vector    0x08000000      0x1c4 ./Startup/startup_stm32f446retx.o
                0x08000000                g_pfnVectors
                0x080001c4                        . = ALIGN (0x4)

.text           0x080001d0     0x18f8
                0x080001d0                        . = ALIGN (0x4)
 *(.text)
 .text          0x080001d0       0x40 /opt/st/stm32cubeide_1.18.0/plugins/com.st.stm32cube.ide.mcu.externaltools.gnu-tools-for-stm32.13.3.rel1.linux64_1.0.0.202410170706/tools/bin/../lib/gcc/arm-none-eabi/13.3.1/thumb/v7e-m+fp/hard/crtbegin.o
 .text          0x08000210       0xa0 /opt/st/stm32cubeide_1.18.0/plugins/com.st.stm32cube.ide.mcu.externaltools.gnu-tools-for-stm32.13.3.rel1.linux64_1.0.0.202410170706/tools/bin/../lib/gcc/arm-none-eabi/13.3.1/../../../../arm-none-eabi/lib/thumb/v7e-m+fp/hard/libc_nano.a(libc_a-memchr.o)
                0x08000210                memchr
 *(.text*)
 .text.Control_Init
                0x080002b0       0x1c ./Src/control.o
                0x080002b0                Control_Init
 .text.Control_ProcessByte
                0x080002cc       0xc0 ./Src/control.o
                0x080002cc                Control_ProcessByte
 .text.Control_SafetyCheck
                0x0800038c       0x18 ./Src/control.o
                0x0800038c                Control_SafetyCheck
 .text.Control_Stop
                0x080003a4       0x18 ./Src/control.o
                0x080003a4                Control_Stop
 .text.__NVIC_SetPriority
                0x080003bc       0x54 ./Src/init.o
 .text.SysTick_Config
                0x08000410       0x44 ./Src/init.o
 .text.SystemClock_Config
                0x08000454       0x88 ./Src/init.o
                0x08000454                SystemClock_Config
 .text.SysTick_Handler
                0x080004dc       0x1c ./Src/main.o
                0x080004dc                SysTick_Handler
 .text.GetTick  0x080004f8       0x18 ./Src/main.o
                0x080004f8                GetTick
 .text.main     0x08000510      0x130 ./Src/main.o
                0x08000510                main
 .text._sbrk    0x08000640       0x6c ./Src/sysmem.o
                0x08000640                _sbrk
 .text.__NVIC_EnableIRQ
                0x080006ac       0x3c ./Src/uart.o
 .text.__NVIC_SetPriority
                0x080006e8       0x54 ./Src/uart.o
 .text.UART1_Init
                0x0800073c       0x7c ./Src/uart.o
                0x0800073c                UART1_Init
 .text.UART2_Init
                0x080007b8       0x7c ./Src/uart.o
                0x080007b8                UART2_Init
 .text.UART3_Init
                0x08000834       0x7c ./Src/uart.o
                0x08000834                UART3_Init
 .text.UART_Init
                0x080008b0       0x14 ./Src/uart.o
                0x080008b0                UART_Init
 .text.UART_SendByte
                0x080008c4       0x2c ./Src/uart.o
                0x080008c4                UART_SendByte
 .text.UART_SendString
                0x080008f0       0x64 ./Src/uart.o
                0x080008f0                UART_SendString
 .text.UART_DataAvailable
                0x08000954       0x8c ./Src/uart.o
                0x08000954                UART_DataAvailable
 .text.USART_RX_Handler
                0x080009e0       0x62 ./Src/uart.o
 *fill*         0x08000a42        0x2 
 .text.USART1_IRQHandler
                0x08000a44       0x24 ./Src/uart.o
                0x08000a44                USART1_IRQHandler
 .text.USART2_IRQHandler
                0x08000a68       0x24 ./Src/uart.o
                0x08000a68                USART2_IRQHandler
 .text.USART3_IRQHandler
                0x08000a8c       0x24 ./Src/uart.o
                0x08000a8c                USART3_IRQHandler
 .text.UART_ReadByte
                0x08000ab0       0xc4 ./Src/uart.o
                0x08000ab0                UART_ReadByte
 .text.__NVIC_EnableIRQ
                0x08000b74       0x3c ./Src/ultrasonic.o
 .text.__NVIC_SetPriority
                0x08000bb0       0x54 ./Src/ultrasonic.o
 .text.Ultrasonic_Init
                0x08000c04       0xe4 ./Src/ultrasonic.o
                0x08000c04                Ultrasonic_Init
 .text.TIM5_IRQHandler
                0x08000ce8       0x74 ./Src/ultrasonic.o
                0x08000ce8                TIM5_IRQHandler
 .text.Ultrasonic_MeasureDistance
                0x08000d5c       0xc0 ./Src/ultrasonic.o
                0x08000d5c                Ultrasonic_MeasureDistance
 .text.Ultrasonic_SafetyCheck
                0x08000e1c       0x40 ./Src/ultrasonic.o
                0x08000e1c                Ultrasonic_SafetyCheck
 .text.VESC_CRC16
                0x08000e5c       0x7e ./Src/vesc.o
 .text.VESC_AppendInt32
                0x08000eda       0x6e ./Src/vesc.o
 .text.VESC_FormatPacket
                0x08000f48      0x102 ./Src/vesc.o
 *fill*         0x0800104a        0x2 
 .text.VESC_SendBuffer
                0x0800104c       0x78 ./Src/vesc.o
 .text.VESC_SetDuty
                0x080010c4       0x68 ./Src/vesc.o
                0x080010c4                VESC_SetDuty
 .text.Reset_Handler
                0x0800112c       0x50 ./Startup/startup_stm32f446retx.o
                0x0800112c                Reset_Handler
 .text.Default_Handler
                0x0800117c        0x2 ./Startup/startup_stm32f446retx.o
                0x0800117c                RTC_Alarm_IRQHandler
                0x0800117c                EXTI2_IRQHandler
                0x0800117c                TIM8_CC_IRQHandler
                0x0800117c                SPDIF_Rx_IRQHandler
                0x0800117c                DebugMon_Handler
                0x0800117c                SPI4_IRQHandler
                0x0800117c                TIM1_CC_IRQHandler
                0x0800117c                QuadSPI_IRQHandler
                0x0800117c                DMA2_Stream5_IRQHandler
                0x0800117c                HardFault_Handler
                0x0800117c                DMA1_Stream5_IRQHandler
                0x0800117c                PVD_IRQHandler
                0x0800117c                SDIO_IRQHandler
                0x0800117c                TAMP_STAMP_IRQHandler
                0x0800117c                PendSV_Handler
                0x0800117c                NMI_Handler
                0x0800117c                CAN2_RX1_IRQHandler
                0x0800117c                EXTI3_IRQHandler
                0x0800117c                TIM8_TRG_COM_TIM14_IRQHandler
                0x0800117c                TIM1_UP_TIM10_IRQHandler
                0x0800117c                FMPI2C1_error_IRQHandler
                0x0800117c                TIM8_UP_TIM13_IRQHandler
                0x0800117c                I2C3_ER_IRQHandler
                0x0800117c                EXTI0_IRQHandler
                0x0800117c                I2C2_EV_IRQHandler
                0x0800117c                DMA1_Stream2_IRQHandler
                0x0800117c                CAN1_RX0_IRQHandler
                0x0800117c                OTG_HS_WKUP_IRQHandler
                0x0800117c                UsageFault_Handler
                0x0800117c                CAN2_SCE_IRQHandler
                0x0800117c                DMA2_Stream2_IRQHandler
                0x0800117c                SPI1_IRQHandler
                0x0800117c                TIM6_DAC_IRQHandler
                0x0800117c                TIM1_BRK_TIM9_IRQHandler
                0x0800117c                DCMI_IRQHandler
                0x0800117c                CAN2_RX0_IRQHandler
                0x0800117c                DMA2_Stream3_IRQHandler
                0x0800117c                FMPI2C1_IRQHandler
                0x0800117c                SAI2_IRQHandler
                0x0800117c                USART6_IRQHandler
                0x0800117c                CAN1_RX1_IRQHandler
                0x0800117c                UART5_IRQHandler
                0x0800117c                DMA2_Stream0_IRQHandler
                0x0800117c                TIM4_IRQHandler
                0x0800117c                I2C1_EV_IRQHandler
                0x0800117c                HDMI_CEC_IRQHandler
                0x0800117c                DMA1_Stream6_IRQHandler
                0x0800117c                DMA1_Stream1_IRQHandler
                0x0800117c                UART4_IRQHandler
                0x0800117c                TIM3_IRQHandler
                0x0800117c                RCC_IRQHandler
                0x0800117c                TIM8_BRK_TIM12_IRQHandler
                0x0800117c                Default_Handler
                0x0800117c                EXTI15_10_IRQHandler
                0x0800117c                ADC_IRQHandler
                0x0800117c                DMA1_Stream7_IRQHandler
                0x0800117c                TIM7_IRQHandler
                0x0800117c                CAN2_TX_IRQHandler
                0x0800117c                DMA2_Stream7_IRQHandler
                0x0800117c                I2C3_EV_IRQHandler
                0x0800117c                EXTI9_5_IRQHandler
                0x0800117c                RTC_WKUP_IRQHandler
                0x0800117c                SPI2_IRQHandler
                0x0800117c                OTG_HS_EP1_IN_IRQHandler
                0x0800117c                MemManage_Handler
                0x0800117c                DMA1_Stream0_IRQHandler
                0x0800117c                CAN1_TX_IRQHandler
                0x0800117c                SVC_Handler
                0x0800117c                EXTI4_IRQHandler
                0x0800117c                OTG_HS_EP1_OUT_IRQHandler
                0x0800117c                WWDG_IRQHandler
                0x0800117c                TIM2_IRQHandler
                0x0800117c                OTG_FS_WKUP_IRQHandler
                0x0800117c                TIM1_TRG_COM_TIM11_IRQHandler
                0x0800117c                OTG_HS_IRQHandler
                0x0800117c                EXTI1_IRQHandler
                0x0800117c                I2C2_ER_IRQHandler
                0x0800117c                DMA2_Stream1_IRQHandler
                0x0800117c                CAN1_SCE_IRQHandler
                0x0800117c                FLASH_IRQHandler
                0x0800117c                DMA2_Stream4_IRQHandler
                0x0800117c                BusFault_Handler
                0x0800117c                OTG_FS_IRQHandler
                0x0800117c                SPI3_IRQHandler
                0x0800117c                DMA1_Stream4_IRQHandler
                0x0800117c                I2C1_ER_IRQHandler
                0x0800117c                FMC_IRQHandler
                0x0800117c                DMA2_Stream6_IRQHandler
                0x0800117c                SAI1_IRQHandler
                0x0800117c                DMA1_Stream3_IRQHandler
 *fill*         0x0800117e        0x2 
 .text.sprintf  0x08001180       0x44 /opt/st/stm32cubeide_1.18.0/plugins/com.st.stm32cube.ide.mcu.externaltools.gnu-tools-for-stm32.13.3.rel1.linux64_1.0.0.202410170706/tools/bin/../lib/gcc/arm-none-eabi/13.3.1/../../../../arm-none-eabi/lib/thumb/v7e-m+fp/hard/libc_nano.a(libc_a-sprintf.o)
                0x08001180                sprintf
                0x08001180                siprintf
 .text.__errno  0x080011c4        0xc /opt/st/stm32cubeide_1.18.0/plugins/com.st.stm32cube.ide.mcu.externaltools.gnu-tools-for-stm32.13.3.rel1.linux64_1.0.0.202410170706/tools/bin/../lib/gcc/arm-none-eabi/13.3.1/../../../../arm-none-eabi/lib/thumb/v7e-m+fp/hard/libc_nano.a(libc_a-errno.o)
                0x080011c4                __errno
 .text.__libc_init_array
                0x080011d0       0x48 /opt/st/stm32cubeide_1.18.0/plugins/com.st.stm32cube.ide.mcu.externaltools.gnu-tools-for-stm32.13.3.rel1.linux64_1.0.0.202410170706/tools/bin/../lib/gcc/arm-none-eabi/13.3.1/../../../../arm-none-eabi/lib/thumb/v7e-m+fp/hard/libc_nano.a(libc_a-init.o)
                0x080011d0                __libc_init_array
 .text.__retarget_lock_acquire_recursive
                0x08001218        0x2 /opt/st/stm32cubeide_1.18.0/plugins/com.st.stm32cube.ide.mcu.externaltools.gnu-tools-for-stm32.13.3.rel1.linux64_1.0.0.202410170706/tools/bin/../lib/gcc/arm-none-eabi/13.3.1/../../../../arm-none-eabi/lib/thumb/v7e-m+fp/hard/libc_nano.a(libc_a-lock.o)
                0x08001218                __retarget_lock_acquire_recursive
 .text.__retarget_lock_release_recursive
                0x0800121a        0x2 /opt/st/stm32cubeide_1.18.0/plugins/com.st.stm32cube.ide.mcu.externaltools.gnu-tools-for-stm32.13.3.rel1.linux64_1.0.0.202410170706/tools/bin/../lib/gcc/arm-none-eabi/13.3.1/../../../../arm-none-eabi/lib/thumb/v7e-m+fp/hard/libc_nano.a(libc_a-lock.o)
                0x0800121a                __retarget_lock_release_recursive
 .text._free_r  0x0800121c       0x94 /opt/st/stm32cubeide_1.18.0/plugins/com.st.stm32cube.ide.mcu.externaltools.gnu-tools-for-stm32.13.3.rel1.linux64_1.0.0.202410170706/tools/bin/../lib/gcc/arm-none-eabi/13.3.1/../../../../arm-none-eabi/lib/thumb/v7e-m+fp/hard/libc_nano.a(libc_a-freer.o)
                0x0800121c                _free_r
 .text.sbrk_aligned
                0x080012b0       0x44 /opt/st/stm32cubeide_1.18.0/plugins/com.st.stm32cube.ide.mcu.externaltools.gnu-tools-for-stm32.13.3.rel1.linux64_1.0.0.202410170706/tools/bin/../lib/gcc/arm-none-eabi/13.3.1/../../../../arm-none-eabi/lib/thumb/v7e-m+fp/hard/libc_nano.a(libc_a-mallocr.o)
 .text._malloc_r
                0x080012f4      0x100 /opt/st/stm32cubeide_1.18.0/plugins/com.st.stm32cube.ide.mcu.externaltools.gnu-tools-for-stm32.13.3.rel1.linux64_1.0.0.202410170706/tools/bin/../lib/gcc/arm-none-eabi/13.3.1/../../../../arm-none-eabi/lib/thumb/v7e-m+fp/hard/libc_nano.a(libc_a-mallocr.o)
                0x080012f4                _malloc_r
 .text.__malloc_lock
                0x080013f4        0xc /opt/st/stm32cubeide_1.18.0/plugins/com.st.stm32cube.ide.mcu.externaltools.gnu-tools-for-stm32.13.3.rel1.linux64_1.0.0.202410170706/tools/bin/../lib/gcc/arm-none-eabi/13.3.1/../../../../arm-none-eabi/lib/thumb/v7e-m+fp/hard/libc_nano.a(libc_a-mlock.o)
                0x080013f4                __malloc_lock
 .text.__malloc_unlock
                0x08001400        0xc /opt/st/stm32cubeide_1.18.0/plugins/com.st.stm32cube.ide.mcu.externaltools.gnu-tools-for-stm32.13.3.rel1.linux64_1.0.0.202410170706/tools/bin/../lib/gcc/arm-none-eabi/13.3.1/../../../../arm-none-eabi/lib/thumb/v7e-m+fp/hard/libc_nano.a(libc_a-mlock.o)
                0x08001400                __malloc_unlock
 .text.__ssputs_r
                0x0800140c       0xb6 /opt/st/stm32cubeide_1.18.0/plugins/com.st.stm32cube.ide.mcu.externaltools.gnu-tools-for-stm32.13.3.rel1.linux64_1.0.0.202410170706/tools/bin/../lib/gcc/arm-none-eabi/13.3.1/../../../../arm-none-eabi/lib/thumb/v7e-m+fp/hard/libc_nano.a(libc_a-nano-svfprintf.o)
                0x0800140c                __ssputs_r
 *fill*         0x080014c2        0x2 
 .text._svfprintf_r
                0x080014c4      0x1f8 /opt/st/stm32cubeide_1.18.0/plugins/com.st.stm32cube.ide.mcu.externaltools.gnu-tools-for-stm32.13.3.rel1.linux64_1.0.0.202410170706/tools/bin/../lib/gcc/arm-none-eabi/13.3.1/../../../../arm-none-eabi/lib/thumb/v7e-m+fp/hard/libc_nano.a(libc_a-nano-svfprintf.o)
                0x080014c4                _svfprintf_r
                0x080014c4                _svfiprintf_r
 .text._printf_common
                0x080016bc       0xda /opt/st/stm32cubeide_1.18.0/plugins/com.st.stm32cube.ide.mcu.externaltools.gnu-tools-for-stm32.13.3.rel1.linux64_1.0.0.202410170706/tools/bin/../lib/gcc/arm-none-eabi/13.3.1/../../../../arm-none-eabi/lib/thumb/v7e-m+fp/hard/libc_nano.a(libc_a-nano-vfprintf_i.o)
                0x080016bc                _printf_common
 *fill*         0x08001796        0x2 
 .text._printf_i
                0x08001798      0x23c /opt/st/stm32cubeide_1.18.0/plugins/com.st.stm32cube.ide.mcu.externaltools.gnu-tools-for-stm32.13.3.rel1.linux64_1.0.0.202410170706/tools/bin/../lib/gcc/arm-none-eabi/13.3.1/../../../../arm-none-eabi/lib/thumb/v7e-m+fp/hard/libc_nano.a(libc_a-nano-vfprintf_i.o)
                0x08001798                _printf_i
 .text.memmove  0x080019d4       0x34 /opt/st/stm32cubeide_1.18.0/plugins/com.st.stm32cube.ide.mcu.externaltools.gnu-tools-for-stm32.13.3.rel1.linux64_1.0.0.202410170706/tools/bin/../lib/gcc/arm-none-eabi/13.3.1/../../../../arm-none-eabi/lib/thumb/v7e-m+fp/hard/libc_nano.a(libc_a-memmove.o)
                0x080019d4                memmove
 .text._sbrk_r  0x08001a08       0x20 /opt/st/stm32cubeide_1.18.0/plugins/com.st.stm32cube.ide.mcu.externaltools.gnu-tools-for-stm32.13.3.rel1.linux64_1.0.0.202410170706/tools/bin/../lib/gcc/arm-none-eabi/13.3.1/../../../../arm-none-eabi/lib/thumb/v7e-m+fp/hard/libc_nano.a(libc_a-sbrkr.o)
                0x08001a08                _sbrk_r
 .text.memcpy   0x08001a28       0x1c /opt/st/stm32cubeide_1.18.0/plugins/com.st.stm32cube.ide.mcu.externaltools.gnu-tools-for-stm32.13.3.rel1.linux64_1.0.0.202410170706/tools/bin/../lib/gcc/arm-none-eabi/13.3.1/../../../../arm-none-eabi/lib/thumb/v7e-m+fp/hard/libc_nano.a(libc_a-memcpy-stub.o)
                0x08001a28                memcpy
 .text._realloc_r
                0x08001a44       0x5c /opt/st/stm32cubeide_1.18.0/plugins/com.st.stm32cube.ide.mcu.externaltools.gnu-tools-for-stm32.13.3.rel1.linux64_1.0.0.202410170706/tools/bin/../lib/gcc/arm-none-eabi/13.3.1/../../../../arm-none-eabi/lib/thumb/v7e-m+fp/hard/libc_nano.a(libc_a-reallocr.o)
                0x08001a44                _realloc_r
 .text._malloc_usable_size_r
                0x08001aa0       0x10 /opt/st/stm32cubeide_1.18.0/plugins/com.st.stm32cube.ide.mcu.externaltools.gnu-tools-for-stm32.13.3.rel1.linux64_1.0.0.202410170706/tools/bin/../lib/gcc/arm-none-eabi/13.3.1/../../../../arm-none-eabi/lib/thumb/v7e-m+fp/hard/libc_nano.a(libc_a-msizer.o)
                0x08001aa0                _malloc_usable_size_r
 *(.glue_7)
 .glue_7        0x08001ab0        0x0 linker stubs
 *(.glue_7t)
 .glue_7t       0x08001ab0        0x0 linker stubs
 *(.eh_frame)
 .eh_frame      0x08001ab0        0x0 /opt/st/stm32cubeide_1.18.0/plugins/com.st.stm32cube.ide.mcu.externaltools.gnu-tools-for-stm32.13.3.rel1.linux64_1.0.0.202410170706/tools/bin/../lib/gcc/arm-none-eabi/13.3.1/thumb/v7e-m+fp/hard/crtbegin.o
 *(.init)
 .init          0x08001ab0        0x4 /opt/st/stm32cubeide_1.18.0/plugins/com.st.stm32cube.ide.mcu.externaltools.gnu-tools-for-stm32.13.3.rel1.linux64_1.0.0.202410170706/tools/bin/../lib/gcc/arm-none-eabi/13.3.1/thumb/v7e-m+fp/hard/crti.o
                0x08001ab0                _init
 .init          0x08001ab4        0x8 /opt/st/stm32cubeide_1.18.0/plugins/com.st.stm32cube.ide.mcu.externaltools.gnu-tools-for-stm32.13.3.rel1.linux64_1.0.0.202410170706/tools/bin/../lib/gcc/arm-none-eabi/13.3.1/thumb/v7e-m+fp/hard/crtn.o
 *(.fini)
 .fini          0x08001abc        0x4 /opt/st/stm32cubeide_1.18.0/plugins/com.st.stm32cube.ide.mcu.externaltools.gnu-tools-for-stm32.13.3.rel1.linux64_1.0.0.202410170706/tools/bin/../lib/gcc/arm-none-eabi/13.3.1/thumb/v7e-m+fp/hard/crti.o
                0x08001abc                _fini
 .fini          0x08001ac0        0x8 /opt/st/stm32cubeide_1.18.0/plugins/com.st.stm32cube.ide.mcu.externaltools.gnu-tools-for-stm32.13.3.rel1.linux64_1.0.0.202410170706/tools/bin/../lib/gcc/arm-none-eabi/13.3.1/thumb/v7e-m+fp/hard/crtn.o
                0x08001ac8                        . = ALIGN (0x4)
                0x08001ac8                        _etext = .

.vfp11_veneer   0x08001ac8        0x0
 .vfp11_veneer  0x08001ac8        0x0 linker stubs

.v4_bx          0x08001ac8        0x0
 .v4_bx         0x08001ac8        0x0 linker stubs

.iplt           0x08001ac8        0x0
 .iplt          0x08001ac8        0x0 /opt/st/stm32cubeide_1.18.0/plugins/com.st.stm32cube.ide.mcu.externaltools.gnu-tools-for-stm32.13.3.rel1.linux64_1.0.0.202410170706/tools/bin/../lib/gcc/arm-none-eabi/13.3.1/thumb/v7e-m+fp/hard/crtbegin.o

.rodata         0x08001ac8      0x1d0
                0x08001ac8                        . = ALIGN (0x4)
 *(.rodata)
 .rodata        0x08001ac8       0x29 ./Src/control.o
 *fill*         0x08001af1        0x3 
 .rodata        0x08001af4      0x114 ./Src/main.o
 .rodata        0x08001c08       0x5d ./Src/ultrasonic.o
 *(.rodata*)
 .rodata._svfprintf_r.str1.1
                0x08001c65       0x33 /opt/st/stm32cubeide_1.18.0/plugins/com.st.stm32cube.ide.mcu.externaltools.gnu-tools-for-stm32.13.3.rel1.linux64_1.0.0.202410170706/tools/bin/../lib/gcc/arm-none-eabi/13.3.1/../../../../arm-none-eabi/lib/thumb/v7e-m+fp/hard/libc_nano.a(libc_a-nano-svfprintf.o)
                                 0x11 (size before relaxing)
 .rodata._printf_i.str1.1
                0x08001c98       0x22 /opt/st/stm32cubeide_1.18.0/plugins/com.st.stm32cube.ide.mcu.externaltools.gnu-tools-for-stm32.13.3.rel1.linux64_1.0.0.202410170706/tools/bin/../lib/gcc/arm-none-eabi/13.3.1/../../../../arm-none-eabi/lib/thumb/v7e-m+fp/hard/libc_nano.a(libc_a-nano-vfprintf_i.o)
                0x08001cbc                        . = ALIGN (0x4)

.ARM.extab      0x08001c98        0x0
                0x08001c98                        . = ALIGN (0x4)
 *(.ARM.extab* .gnu.linkonce.armextab.*)
                0x08001c98                        . = ALIGN (0x4)

.ARM            0x08001c98        0x8
                0x08001c98                        . = ALIGN (0x4)
                0x08001c98                        __exidx_start = .
 *(.ARM.exidx*)
 .ARM.exidx     0x08001c98        0x8 /opt/st/stm32cubeide_1.18.0/plugins/com.st.stm32cube.ide.mcu.externaltools.gnu-tools-for-stm32.13.3.rel1.linux64_1.0.0.202410170706/tools/bin/../lib/gcc/arm-none-eabi/13.3.1/../../../../arm-none-eabi/lib/thumb/v7e-m+fp/hard/libc_nano.a(libc_a-memchr.o)
                0x08001ca0                        __exidx_end = .
                0x08001ca0                        . = ALIGN (0x4)

.preinit_array  0x08001ca0        0x0
                0x08001ca0                        . = ALIGN (0x4)
                0x08001ca0                        PROVIDE (__preinit_array_start = .)
 *(.preinit_array*)
                0x08001ca0                        PROVIDE (__preinit_array_end = .)
                0x08001ca0                        . = ALIGN (0x4)

.init_array     0x08001ca0        0x4
                0x08001ca0                        . = ALIGN (0x4)
                0x08001ca0                        PROVIDE (__init_array_start = .)
 *(SORT_BY_NAME(.init_array.*))
 *(.init_array*)
 .init_array    0x08001ca0        0x4 /opt/st/stm32cubeide_1.18.0/plugins/com.st.stm32cube.ide.mcu.externaltools.gnu-tools-for-stm32.13.3.rel1.linux64_1.0.0.202410170706/tools/bin/../lib/gcc/arm-none-eabi/13.3.1/thumb/v7e-m+fp/hard/crtbegin.o
                0x08001ca4                        PROVIDE (__init_array_end = .)
                0x08001ca4                        . = ALIGN (0x4)

.fini_array     0x08001ca4        0x4
                0x08001ca4                        . = ALIGN (0x4)
                [!provide]                        PROVIDE (__fini_array_start = .)
 *(SORT_BY_NAME(.fini_array.*))
 *(.fini_array*)
 .fini_array    0x08001ca4        0x4 /opt/st/stm32cubeide_1.18.0/plugins/com.st.stm32cube.ide.mcu.externaltools.gnu-tools-for-stm32.13.3.rel1.linux64_1.0.0.202410170706/tools/bin/../lib/gcc/arm-none-eabi/13.3.1/thumb/v7e-m+fp/hard/crtbegin.o
                [!provide]                        PROVIDE (__fini_array_end = .)
                0x08001ca8                        . = ALIGN (0x4)
                0x08001ca8                        _sidata = LOADADDR (.data)

.rel.dyn        0x08001ca8        0x0
 .rel.iplt      0x08001ca8        0x0 /opt/st/stm32cubeide_1.18.0/plugins/com.st.stm32cube.ide.mcu.externaltools.gnu-tools-for-stm32.13.3.rel1.linux64_1.0.0.202410170706/tools/bin/../lib/gcc/arm-none-eabi/13.3.1/thumb/v7e-m+fp/hard/crtbegin.o

.data           0x20000000       0x50 load address 0x08001ca8
                0x20000000                        . = ALIGN (0x4)
                0x20000000                        _sdata = .
 *(.data)
 *(.data*)
 .data._impure_ptr
                0x20000000        0x4 /opt/st/stm32cubeide_1.18.0/plugins/com.st.stm32cube.ide.mcu.externaltools.gnu-tools-for-stm32.13.3.rel1.linux64_1.0.0.202410170706/tools/bin/../lib/gcc/arm-none-eabi/13.3.1/../../../../arm-none-eabi/lib/thumb/v7e-m+fp/hard/libc_nano.a(libc_a-impure.o)
                0x20000000                _impure_ptr
 .data._impure_data
                0x20000004       0x4c /opt/st/stm32cubeide_1.18.0/plugins/com.st.stm32cube.ide.mcu.externaltools.gnu-tools-for-stm32.13.3.rel1.linux64_1.0.0.202410170706/tools/bin/../lib/gcc/arm-none-eabi/13.3.1/../../../../arm-none-eabi/lib/thumb/v7e-m+fp/hard/libc_nano.a(libc_a-impure.o)
                0x20000004                _impure_data
 *(.RamFunc)
 *(.RamFunc*)
                0x20000050                        . = ALIGN (0x4)
                0x20000050                        _edata = .

.igot.plt       0x20000050        0x0 load address 0x08001cf8
 .igot.plt      0x20000050        0x0 /opt/st/stm32cubeide_1.18.0/plugins/com.st.stm32cube.ide.mcu.externaltools.gnu-tools-for-stm32.13.3.rel1.linux64_1.0.0.202410170706/tools/bin/../lib/gcc/arm-none-eabi/13.3.1/thumb/v7e-m+fp/hard/crtbegin.o
                0x20000050                        . = ALIGN (0x4)

.bss            0x20000050      0x48c load address 0x08001cf8
                0x20000050                        _sbss = .
                0x20000050                        __bss_start__ = _sbss
 *(.bss)
 .bss           0x20000050       0x1c /opt/st/stm32cubeide_1.18.0/plugins/com.st.stm32cube.ide.mcu.externaltools.gnu-tools-for-stm32.13.3.rel1.linux64_1.0.0.202410170706/tools/bin/../lib/gcc/arm-none-eabi/13.3.1/thumb/v7e-m+fp/hard/crtbegin.o
 *(.bss*)
 .bss.safetyOverride
                0x2000006c        0x1 ./Src/control.o
 .bss.protocol_state
                0x2000006d        0x1 ./Src/control.o
 .bss.current_motor
                0x2000006e        0x1 ./Src/control.o
 *fill*         0x2000006f        0x1 
 .bss.int32_bytes
                0x20000070        0x4 ./Src/control.o
 .bss.msTicks   0x20000074        0x4 ./Src/main.o
                0x20000074                msTicks
 .bss.__sbrk_heap_end
                0x20000078        0x4 ./Src/sysmem.o
 .bss.usart1_rxBuffer
                0x2000007c      0x100 ./Src/uart.o
 .bss.usart2_rxBuffer
                0x2000017c      0x100 ./Src/uart.o
 .bss.usart3_rxBuffer
                0x2000027c      0x100 ./Src/uart.o
 .bss.usart1_rxReadIndex
                0x2000037c        0x2 ./Src/uart.o
 .bss.usart1_rxWriteIndex
                0x2000037e        0x2 ./Src/uart.o
 .bss.usart2_rxReadIndex
                0x20000380        0x2 ./Src/uart.o
 .bss.usart2_rxWriteIndex
                0x20000382        0x2 ./Src/uart.o
 .bss.usart3_rxReadIndex
                0x20000384        0x2 ./Src/uart.o
 .bss.usart3_rxWriteIndex
                0x20000386        0x2 ./Src/uart.o
 .bss.echo_start
                0x20000388        0x4 ./Src/ultrasonic.o
 .bss.echo_end  0x2000038c        0x4 ./Src/ultrasonic.o
 .bss.measurement_complete
                0x20000390        0x1 ./Src/ultrasonic.o
 *fill*         0x20000391        0x3 
 .bss.__sf      0x20000394      0x138 /opt/st/stm32cubeide_1.18.0/plugins/com.st.stm32cube.ide.mcu.externaltools.gnu-tools-for-stm32.13.3.rel1.linux64_1.0.0.202410170706/tools/bin/../lib/gcc/arm-none-eabi/13.3.1/../../../../arm-none-eabi/lib/thumb/v7e-m+fp/hard/libc_nano.a(libc_a-findfp.o)
                0x20000394                __sf
 .bss.errno     0x200004cc        0x4 /opt/st/stm32cubeide_1.18.0/plugins/com.st.stm32cube.ide.mcu.externaltools.gnu-tools-for-stm32.13.3.rel1.linux64_1.0.0.202410170706/tools/bin/../lib/gcc/arm-none-eabi/13.3.1/../../../../arm-none-eabi/lib/thumb/v7e-m+fp/hard/libc_nano.a(libc_a-reent.o)
                0x200004cc                errno
 .bss.__lock___malloc_recursive_mutex
                0x200004d0        0x1 /opt/st/stm32cubeide_1.18.0/plugins/com.st.stm32cube.ide.mcu.externaltools.gnu-tools-for-stm32.13.3.rel1.linux64_1.0.0.202410170706/tools/bin/../lib/gcc/arm-none-eabi/13.3.1/../../../../arm-none-eabi/lib/thumb/v7e-m+fp/hard/libc_nano.a(libc_a-lock.o)
                0x200004d0                __lock___malloc_recursive_mutex
 *fill*         0x200004d1        0x3 
 .bss.__malloc_sbrk_start
                0x200004d4        0x4 /opt/st/stm32cubeide_1.18.0/plugins/com.st.stm32cube.ide.mcu.externaltools.gnu-tools-for-stm32.13.3.rel1.linux64_1.0.0.202410170706/tools/bin/../lib/gcc/arm-none-eabi/13.3.1/../../../../arm-none-eabi/lib/thumb/v7e-m+fp/hard/libc_nano.a(libc_a-mallocr.o)
                0x200004d4                __malloc_sbrk_start
 .bss.__malloc_free_list
                0x200004d8        0x4 /opt/st/stm32cubeide_1.18.0/plugins/com.st.stm32cube.ide.mcu.externaltools.gnu-tools-for-stm32.13.3.rel1.linux64_1.0.0.202410170706/tools/bin/../lib/gcc/arm-none-eabi/13.3.1/../../../../arm-none-eabi/lib/thumb/v7e-m+fp/hard/libc_nano.a(libc_a-mallocr.o)
                0x200004d8                __malloc_free_list
 *(COMMON)
                0x200004dc                        . = ALIGN (0x4)
                0x200004dc                        _ebss = .
                0x200004dc                        __bss_end__ = _ebss

._user_heap_stack
                0x200004dc      0x604 load address 0x08001cf8
                0x200004e0                        . = ALIGN (0x8)
 *fill*         0x200004dc        0x4 
                [!provide]                        PROVIDE (end = .)
                0x200004e0                        PROVIDE (_end = .)
                0x200006e0                        . = (. + _Min_Heap_Size)
 *fill*         0x200004e0      0x200 
                0x20000ae0                        . = (. + _Min_Stack_Size)
 *fill*         0x200006e0      0x400 
                0x20000ae0                        . = ALIGN (0x8)

/DISCARD/
 libc.a(*)
 libm.a(*)
 libgcc.a(*)

.ARM.attributes
                0x00000000       0x30
 *(.ARM.attributes)
 .ARM.attributes
                0x00000000       0x22 /opt/st/stm32cubeide_1.18.0/plugins/com.st.stm32cube.ide.mcu.externaltools.gnu-tools-for-stm32.13.3.rel1.linux64_1.0.0.202410170706/tools/bin/../lib/gcc/arm-none-eabi/13.3.1/thumb/v7e-m+fp/hard/crti.o
 .ARM.attributes
                0x00000022       0x34 /opt/st/stm32cubeide_1.18.0/plugins/com.st.stm32cube.ide.mcu.externaltools.gnu-tools-for-stm32.13.3.rel1.linux64_1.0.0.202410170706/tools/bin/../lib/gcc/arm-none-eabi/13.3.1/thumb/v7e-m+fp/hard/crtbegin.o
 .ARM.attributes
                0x00000056       0x34 ./Src/control.o
 .ARM.attributes
                0x0000008a       0x34 ./Src/init.o
 .ARM.attributes
                0x000000be       0x34 ./Src/main.o
 .ARM.attributes
                0x000000f2       0x34 ./Src/sysmem.o
 .ARM.attributes
                0x00000126       0x34 ./Src/uart.o
 .ARM.attributes
                0x0000015a       0x34 ./Src/ultrasonic.o
 .ARM.attributes
                0x0000018e       0x34 ./Src/vesc.o
 .ARM.attributes
                0x000001c2       0x21 ./Startup/startup_stm32f446retx.o
 .ARM.attributes
                0x000001e3       0x34 /opt/st/stm32cubeide_1.18.0/plugins/com.st.stm32cube.ide.mcu.externaltools.gnu-tools-for-stm32.13.3.rel1.linux64_1.0.0.202410170706/tools/bin/../lib/gcc/arm-none-eabi/13.3.1/../../../../arm-none-eabi/lib/thumb/v7e-m+fp/hard/libc_nano.a(libc_a-findfp.o)
 .ARM.attributes
                0x00000217       0x34 /opt/st/stm32cubeide_1.18.0/plugins/com.st.stm32cube.ide.mcu.externaltools.gnu-tools-for-stm32.13.3.rel1.linux64_1.0.0.202410170706/tools/bin/../lib/gcc/arm-none-eabi/13.3.1/../../../../arm-none-eabi/lib/thumb/v7e-m+fp/hard/libc_nano.a(libc_a-sprintf.o)
 .ARM.attributes
                0x0000024b       0x34 /opt/st/stm32cubeide_1.18.0/plugins/com.st.stm32cube.ide.mcu.externaltools.gnu-tools-for-stm32.13.3.rel1.linux64_1.0.0.202410170706/tools/bin/../lib/gcc/arm-none-eabi/13.3.1/../../../../arm-none-eabi/lib/thumb/v7e-m+fp/hard/libc_nano.a(libc_a-reent.o)
 .ARM.attributes
                0x0000027f       0x34 /opt/st/stm32cubeide_1.18.0/plugins/com.st.stm32cube.ide.mcu.externaltools.gnu-tools-for-stm32.13.3.rel1.linux64_1.0.0.202410170706/tools/bin/../lib/gcc/arm-none-eabi/13.3.1/../../../../arm-none-eabi/lib/thumb/v7e-m+fp/hard/libc_nano.a(libc_a-impure.o)
 .ARM.attributes
                0x000002b3       0x34 /opt/st/stm32cubeide_1.18.0/plugins/com.st.stm32cube.ide.mcu.externaltools.gnu-tools-for-stm32.13.3.rel1.linux64_1.0.0.202410170706/tools/bin/../lib/gcc/arm-none-eabi/13.3.1/../../../../arm-none-eabi/lib/thumb/v7e-m+fp/hard/libc_nano.a(libc_a-errno.o)
 .ARM.attributes
                0x000002e7       0x34 /opt/st/stm32cubeide_1.18.0/plugins/com.st.stm32cube.ide.mcu.externaltools.gnu-tools-for-stm32.13.3.rel1.linux64_1.0.0.202410170706/tools/bin/../lib/gcc/arm-none-eabi/13.3.1/../../../../arm-none-eabi/lib/thumb/v7e-m+fp/hard/libc_nano.a(libc_a-init.o)
 .ARM.attributes
                0x0000031b       0x34 /opt/st/stm32cubeide_1.18.0/plugins/com.st.stm32cube.ide.mcu.externaltools.gnu-tools-for-stm32.13.3.rel1.linux64_1.0.0.202410170706/tools/bin/../lib/gcc/arm-none-eabi/13.3.1/../../../../arm-none-eabi/lib/thumb/v7e-m+fp/hard/libc_nano.a(libc_a-lock.o)
 .ARM.attributes
                0x0000034f       0x34 /opt/st/stm32cubeide_1.18.0/plugins/com.st.stm32cube.ide.mcu.externaltools.gnu-tools-for-stm32.13.3.rel1.linux64_1.0.0.202410170706/tools/bin/../lib/gcc/arm-none-eabi/13.3.1/../../../../arm-none-eabi/lib/thumb/v7e-m+fp/hard/libc_nano.a(libc_a-freer.o)
 .ARM.attributes
                0x00000383       0x34 /opt/st/stm32cubeide_1.18.0/plugins/com.st.stm32cube.ide.mcu.externaltools.gnu-tools-for-stm32.13.3.rel1.linux64_1.0.0.202410170706/tools/bin/../lib/gcc/arm-none-eabi/13.3.1/../../../../arm-none-eabi/lib/thumb/v7e-m+fp/hard/libc_nano.a(libc_a-mallocr.o)
 .ARM.attributes
                0x000003b7       0x34 /opt/st/stm32cubeide_1.18.0/plugins/com.st.stm32cube.ide.mcu.externaltools.gnu-tools-for-stm32.13.3.rel1.linux64_1.0.0.202410170706/tools/bin/../lib/gcc/arm-none-eabi/13.3.1/../../../../arm-none-eabi/lib/thumb/v7e-m+fp/hard/libc_nano.a(libc_a-mlock.o)
 .ARM.attributes
                0x000003eb       0x34 /opt/st/stm32cubeide_1.18.0/plugins/com.st.stm32cube.ide.mcu.externaltools.gnu-tools-for-stm32.13.3.rel1.linux64_1.0.0.202410170706/tools/bin/../lib/gcc/arm-none-eabi/13.3.1/../../../../arm-none-eabi/lib/thumb/v7e-m+fp/hard/libc_nano.a(libc_a-nano-svfprintf.o)
 .ARM.attributes
                0x0000041f       0x34 /opt/st/stm32cubeide_1.18.0/plugins/com.st.stm32cube.ide.mcu.externaltools.gnu-tools-for-stm32.13.3.rel1.linux64_1.0.0.202410170706/tools/bin/../lib/gcc/arm-none-eabi/13.3.1/../../../../arm-none-eabi/lib/thumb/v7e-m+fp/hard/libc_nano.a(libc_a-nano-vfprintf_i.o)
 .ARM.attributes
                0x00000453       0x34 /opt/st/stm32cubeide_1.18.0/plugins/com.st.stm32cube.ide.mcu.externaltools.gnu-tools-for-stm32.13.3.rel1.linux64_1.0.0.202410170706/tools/bin/../lib/gcc/arm-none-eabi/13.3.1/../../../../arm-none-eabi/lib/thumb/v7e-m+fp/hard/libc_nano.a(libc_a-memmove.o)
 .ARM.attributes
                0x00000487       0x34 /opt/st/stm32cubeide_1.18.0/plugins/com.st.stm32cube.ide.mcu.externaltools.gnu-tools-for-stm32.13.3.rel1.linux64_1.0.0.202410170706/tools/bin/../lib/gcc/arm-none-eabi/13.3.1/../../../../arm-none-eabi/lib/thumb/v7e-m+fp/hard/libc_nano.a(libc_a-sbrkr.o)
 .ARM.attributes
                0x000004bb       0x1c /opt/st/stm32cubeide_1.18.0/plugins/com.st.stm32cube.ide.mcu.externaltools.gnu-tools-for-stm32.13.3.rel1.linux64_1.0.0.202410170706/tools/bin/../lib/gcc/arm-none-eabi/13.3.1/../../../../arm-none-eabi/lib/thumb/v7e-m+fp/hard/libc_nano.a(libc_a-memchr.o)
 .ARM.attributes
                0x000004d7       0x34 /opt/st/stm32cubeide_1.18.0/plugins/com.st.stm32cube.ide.mcu.externaltools.gnu-tools-for-stm32.13.3.rel1.linux64_1.0.0.202410170706/tools/bin/../lib/gcc/arm-none-eabi/13.3.1/../../../../arm-none-eabi/lib/thumb/v7e-m+fp/hard/libc_nano.a(libc_a-memcpy-stub.o)
 .ARM.attributes
                0x0000050b       0x34 /opt/st/stm32cubeide_1.18.0/plugins/com.st.stm32cube.ide.mcu.externaltools.gnu-tools-for-stm32.13.3.rel1.linux64_1.0.0.202410170706/tools/bin/../lib/gcc/arm-none-eabi/13.3.1/../../../../arm-none-eabi/lib/thumb/v7e-m+fp/hard/libc_nano.a(libc_a-reallocr.o)
 .ARM.attributes
                0x0000053f       0x34 /opt/st/stm32cubeide_1.18.0/plugins/com.st.stm32cube.ide.mcu.externaltools.gnu-tools-for-stm32.13.3.rel1.linux64_1.0.0.202410170706/tools/bin/../lib/gcc/arm-none-eabi/13.3.1/../../../../arm-none-eabi/lib/thumb/v7e-m+fp/hard/libc_nano.a(libc_a-msizer.o)
 .ARM.attributes
                0x00000573       0x22 /opt/st/stm32cubeide_1.18.0/plugins/com.st.stm32cube.ide.mcu.externaltools.gnu-tools-for-stm32.13.3.rel1.linux64_1.0.0.202410170706/tools/bin/../lib/gcc/arm-none-eabi/13.3.1/thumb/v7e-m+fp/hard/crtn.o
OUTPUT(esc_controller_v3.elf elf32-littlearm)
LOAD linker stubs
LOAD /opt/st/stm32cubeide_1.18.0/plugins/com.st.stm32cube.ide.mcu.externaltools.gnu-tools-for-stm32.13.3.rel1.linux64_1.0.0.202410170706/tools/bin/../lib/gcc/arm-none-eabi/13.3.1/../../../../arm-none-eabi/lib/thumb/v7e-m+fp/hard/libc.a
LOAD /opt/st/stm32cubeide_1.18.0/plugins/com.st.stm32cube.ide.mcu.externaltools.gnu-tools-for-stm32.13.3.rel1.linux64_1.0.0.202410170706/tools/bin/../lib/gcc/arm-none-eabi/13.3.1/../../../../arm-none-eabi/lib/thumb/v7e-m+fp/hard/libm.a
LOAD /opt/st/stm32cubeide_1.18.0/plugins/com.st.stm32cube.ide.mcu.externaltools.gnu-tools-for-stm32.13.3.rel1.linux64_1.0.0.202410170706/tools/bin/../lib/gcc/arm-none-eabi/13.3.1/thumb/v7e-m+fp/hard/libgcc.a

.debug_info     0x00000000     0x2c70
 .debug_info    0x00000000      0x245 ./Src/control.o
 .debug_info    0x00000245      0x920 ./Src/init.o
 .debug_info    0x00000b65      0x26d ./Src/main.o
 .debug_info    0x00000dd2      0x168 ./Src/sysmem.o
 .debug_info    0x00000f3a      0xc0d ./Src/uart.o
 .debug_info    0x00001b47      0xb81 ./Src/ultrasonic.o
 .debug_info    0x000026c8      0x578 ./Src/vesc.o
 .debug_info    0x00002c40       0x30 ./Startup/startup_stm32f446retx.o

.debug_abbrev   0x00000000      0xaa6
 .debug_abbrev  0x00000000      0x112 ./Src/control.o
 .debug_abbrev  0x00000112      0x15a ./Src/init.o
 .debug_abbrev  0x0000026c      0x162 ./Src/main.o
 .debug_abbrev  0x000003ce       0xbc ./Src/sysmem.o
 .debug_abbrev  0x0000048a      0x210 ./Src/uart.o
 .debug_abbrev  0x0000069a      0x22a ./Src/ultrasonic.o
 .debug_abbrev  0x000008c4      0x1be ./Src/vesc.o
 .debug_abbrev  0x00000a82       0x24 ./Startup/startup_stm32f446retx.o

.debug_aranges  0x00000000      0x218
 .debug_aranges
                0x00000000       0x40 ./Src/control.o
 .debug_aranges
                0x00000040       0x30 ./Src/init.o
 .debug_aranges
                0x00000070       0x30 ./Src/main.o
 .debug_aranges
                0x000000a0       0x20 ./Src/sysmem.o
 .debug_aranges
                0x000000c0       0x88 ./Src/uart.o
 .debug_aranges
                0x00000148       0x48 ./Src/ultrasonic.o
 .debug_aranges
                0x00000190       0x60 ./Src/vesc.o
 .debug_aranges
                0x000001f0       0x28 ./Startup/startup_stm32f446retx.o

.debug_rnglists
                0x00000000      0x172
 .debug_rnglists
                0x00000000       0x2c ./Src/control.o
 .debug_rnglists
                0x0000002c       0x20 ./Src/init.o
 .debug_rnglists
                0x0000004c       0x20 ./Src/main.o
 .debug_rnglists
                0x0000006c       0x13 ./Src/sysmem.o
 .debug_rnglists
                0x0000007f       0x63 ./Src/uart.o
 .debug_rnglists
                0x000000e2       0x33 ./Src/ultrasonic.o
 .debug_rnglists
                0x00000115       0x44 ./Src/vesc.o
 .debug_rnglists
                0x00000159       0x19 ./Startup/startup_stm32f446retx.o

.debug_macro    0x00000000    0x1a51c
 .debug_macro   0x00000000      0x1c7 ./Src/control.o
 .debug_macro   0x000001c7      0xaea ./Src/control.o
 .debug_macro   0x00000cb1       0x28 ./Src/control.o
 .debug_macro   0x00000cd9       0x28 ./Src/control.o
 .debug_macro   0x00000d01       0x22 ./Src/control.o
 .debug_macro   0x00000d23       0x8e ./Src/control.o
 .debug_macro   0x00000db1       0x51 ./Src/control.o
 .debug_macro   0x00000e02      0x103 ./Src/control.o
 .debug_macro   0x00000f05       0x6a ./Src/control.o
 .debug_macro   0x00000f6f      0x1df ./Src/control.o
 .debug_macro   0x0000114e       0x1c ./Src/control.o
 .debug_macro   0x0000116a       0x22 ./Src/control.o
 .debug_macro   0x0000118c       0xd9 ./Src/control.o
 .debug_macro   0x00001265     0x102d ./Src/control.o
 .debug_macro   0x00002292      0x11f ./Src/control.o
 .debug_macro   0x000023b1    0x1672d ./Src/control.o
 .debug_macro   0x00018ade       0x43 ./Src/control.o
 .debug_macro   0x00018b21       0x46 ./Src/control.o
 .debug_macro   0x00018b67       0x1c ./Src/control.o
 .debug_macro   0x00018b83       0x61 ./Src/control.o
 .debug_macro   0x00018be4       0x2a ./Src/control.o
 .debug_macro   0x00018c0e       0x43 ./Src/control.o
 .debug_macro   0x00018c51       0x34 ./Src/control.o
 .debug_macro   0x00018c85      0x190 ./Src/control.o
 .debug_macro   0x00018e15      0x370 ./Src/control.o
 .debug_macro   0x00019185       0x16 ./Src/control.o
 .debug_macro   0x0001919b       0x4a ./Src/control.o
 .debug_macro   0x000191e5       0x34 ./Src/control.o
 .debug_macro   0x00019219       0x10 ./Src/control.o
 .debug_macro   0x00019229       0x58 ./Src/control.o
 .debug_macro   0x00019281       0x8e ./Src/control.o
 .debug_macro   0x0001930f       0x1c ./Src/control.o
 .debug_macro   0x0001932b      0x185 ./Src/control.o
 .debug_macro   0x000194b0       0x10 ./Src/control.o
 .debug_macro   0x000194c0       0x3c ./Src/control.o
 .debug_macro   0x000194fc       0x20 ./Src/control.o
 .debug_macro   0x0001951c       0xd8 ./Src/init.o
 .debug_macro   0x000195f4      0x1e8 ./Src/main.o
 .debug_macro   0x000197dc       0x5b ./Src/main.o
 .debug_macro   0x00019837       0x94 ./Src/main.o
 .debug_macro   0x000198cb       0x57 ./Src/main.o
 .debug_macro   0x00019922      0x119 ./Src/main.o
 .debug_macro   0x00019a3b       0x1c ./Src/main.o
 .debug_macro   0x00019a57       0x10 ./Src/main.o
 .debug_macro   0x00019a67       0x16 ./Src/main.o
 .debug_macro   0x00019a7d       0x16 ./Src/main.o
 .debug_macro   0x00019a93      0x146 ./Src/main.o
 .debug_macro   0x00019bd9      0x112 ./Src/sysmem.o
 .debug_macro   0x00019ceb      0x23c ./Src/sysmem.o
 .debug_macro   0x00019f27      0x13f ./Src/uart.o
 .debug_macro   0x0001a066      0x1d7 ./Src/ultrasonic.o
 .debug_macro   0x0001a23d       0x16 ./Src/ultrasonic.o
 .debug_macro   0x0001a253       0x22 ./Src/ultrasonic.o
 .debug_macro   0x0001a275       0x16 ./Src/ultrasonic.o
 .debug_macro   0x0001a28b       0x9e ./Src/ultrasonic.o
 .debug_macro   0x0001a329      0x112 ./Src/ultrasonic.o
 .debug_macro   0x0001a43b       0xe1 ./Src/vesc.o

.debug_line     0x00000000     0x2ef0
 .debug_line    0x00000000      0x6a3 ./Src/control.o
 .debug_line    0x000006a3      0x552 ./Src/init.o
 .debug_line    0x00000bf5      0x6b0 ./Src/main.o
 .debug_line    0x000012a5      0x4b8 ./Src/sysmem.o
 .debug_line    0x0000175d      0x850 ./Src/uart.o
 .debug_line    0x00001fad      0x7b0 ./Src/ultrasonic.o
 .debug_line    0x0000275d      0x718 ./Src/vesc.o
 .debug_line    0x00002e75       0x7b ./Startup/startup_stm32f446retx.o

.debug_str      0x00000000    0x8ff41
 .debug_str     0x00000000    0x8ff41 ./Src/control.o
                              0x8e229 (size before relaxing)
 .debug_str     0x0008ff41    0x8b158 ./Src/init.o
 .debug_str     0x0008ff41    0x8ef9e ./Src/main.o
 .debug_str     0x0008ff41     0x778a ./Src/sysmem.o
 .debug_str     0x0008ff41    0x8d76c ./Src/uart.o
 .debug_str     0x0008ff41    0x8ee20 ./Src/ultrasonic.o
 .debug_str     0x0008ff41    0x8ac29 ./Src/vesc.o
 .debug_str     0x0008ff41       0x6b ./Startup/startup_stm32f446retx.o

.comment        0x00000000       0x43
 .comment       0x00000000       0x43 ./Src/control.o
                                 0x44 (size before relaxing)
 .comment       0x00000043       0x44 ./Src/init.o
 .comment       0x00000043       0x44 ./Src/main.o
 .comment       0x00000043       0x44 ./Src/sysmem.o
 .comment       0x00000043       0x44 ./Src/uart.o
 .comment       0x00000043       0x44 ./Src/ultrasonic.o
 .comment       0x00000043       0x44 ./Src/vesc.o

.debug_frame    0x00000000      0xb60
 .debug_frame   0x00000000       0xac ./Src/control.o
 .debug_frame   0x000000ac       0x78 ./Src/init.o
 .debug_frame   0x00000124       0x70 ./Src/main.o
 .debug_frame   0x00000194       0x34 ./Src/sysmem.o
 .debug_frame   0x000001c8      0x1e8 ./Src/uart.o
 .debug_frame   0x000003b0       0xe8 ./Src/ultrasonic.o
 .debug_frame   0x00000498      0x15c ./Src/vesc.o
 .debug_frame   0x000005f4      0x144 /opt/st/stm32cubeide_1.18.0/plugins/com.st.stm32cube.ide.mcu.externaltools.gnu-tools-for-stm32.13.3.rel1.linux64_1.0.0.202410170706/tools/bin/../lib/gcc/arm-none-eabi/13.3.1/../../../../arm-none-eabi/lib/thumb/v7e-m+fp/hard/libc_nano.a(libc_a-findfp.o)
 .debug_frame   0x00000738       0x74 /opt/st/stm32cubeide_1.18.0/plugins/com.st.stm32cube.ide.mcu.externaltools.gnu-tools-for-stm32.13.3.rel1.linux64_1.0.0.202410170706/tools/bin/../lib/gcc/arm-none-eabi/13.3.1/../../../../arm-none-eabi/lib/thumb/v7e-m+fp/hard/libc_nano.a(libc_a-sprintf.o)
 .debug_frame   0x000007ac       0x38 /opt/st/stm32cubeide_1.18.0/plugins/com.st.stm32cube.ide.mcu.externaltools.gnu-tools-for-stm32.13.3.rel1.linux64_1.0.0.202410170706/tools/bin/../lib/gcc/arm-none-eabi/13.3.1/../../../../arm-none-eabi/lib/thumb/v7e-m+fp/hard/libc_nano.a(libc_a-reent.o)
 .debug_frame   0x000007e4       0x20 /opt/st/stm32cubeide_1.18.0/plugins/com.st.stm32cube.ide.mcu.externaltools.gnu-tools-for-stm32.13.3.rel1.linux64_1.0.0.202410170706/tools/bin/../lib/gcc/arm-none-eabi/13.3.1/../../../../arm-none-eabi/lib/thumb/v7e-m+fp/hard/libc_nano.a(libc_a-errno.o)
 .debug_frame   0x00000804       0x2c /opt/st/stm32cubeide_1.18.0/plugins/com.st.stm32cube.ide.mcu.externaltools.gnu-tools-for-stm32.13.3.rel1.linux64_1.0.0.202410170706/tools/bin/../lib/gcc/arm-none-eabi/13.3.1/../../../../arm-none-eabi/lib/thumb/v7e-m+fp/hard/libc_nano.a(libc_a-init.o)
 .debug_frame   0x00000830       0xb0 /opt/st/stm32cubeide_1.18.0/plugins/com.st.stm32cube.ide.mcu.externaltools.gnu-tools-for-stm32.13.3.rel1.linux64_1.0.0.202410170706/tools/bin/../lib/gcc/arm-none-eabi/13.3.1/../../../../arm-none-eabi/lib/thumb/v7e-m+fp/hard/libc_nano.a(libc_a-lock.o)
 .debug_frame   0x000008e0       0x38 /opt/st/stm32cubeide_1.18.0/plugins/com.st.stm32cube.ide.mcu.externaltools.gnu-tools-for-stm32.13.3.rel1.linux64_1.0.0.202410170706/tools/bin/../lib/gcc/arm-none-eabi/13.3.1/../../../../arm-none-eabi/lib/thumb/v7e-m+fp/hard/libc_nano.a(libc_a-freer.o)
 .debug_frame   0x00000918       0x50 /opt/st/stm32cubeide_1.18.0/plugins/com.st.stm32cube.ide.mcu.externaltools.gnu-tools-for-stm32.13.3.rel1.linux64_1.0.0.202410170706/tools/bin/../lib/gcc/arm-none-eabi/13.3.1/../../../../arm-none-eabi/lib/thumb/v7e-m+fp/hard/libc_nano.a(libc_a-mallocr.o)
 .debug_frame   0x00000968       0x30 /opt/st/stm32cubeide_1.18.0/plugins/com.st.stm32cube.ide.mcu.externaltools.gnu-tools-for-stm32.13.3.rel1.linux64_1.0.0.202410170706/tools/bin/../lib/gcc/arm-none-eabi/13.3.1/../../../../arm-none-eabi/lib/thumb/v7e-m+fp/hard/libc_nano.a(libc_a-mlock.o)
 .debug_frame   0x00000998       0x90 /opt/st/stm32cubeide_1.18.0/plugins/com.st.stm32cube.ide.mcu.externaltools.gnu-tools-for-stm32.13.3.rel1.linux64_1.0.0.202410170706/tools/bin/../lib/gcc/arm-none-eabi/13.3.1/../../../../arm-none-eabi/lib/thumb/v7e-m+fp/hard/libc_nano.a(libc_a-nano-svfprintf.o)
 .debug_frame   0x00000a28       0x60 /opt/st/stm32cubeide_1.18.0/plugins/com.st.stm32cube.ide.mcu.externaltools.gnu-tools-for-stm32.13.3.rel1.linux64_1.0.0.202410170706/tools/bin/../lib/gcc/arm-none-eabi/13.3.1/../../../../arm-none-eabi/lib/thumb/v7e-m+fp/hard/libc_nano.a(libc_a-nano-vfprintf_i.o)
 .debug_frame   0x00000a88       0x28 /opt/st/stm32cubeide_1.18.0/plugins/com.st.stm32cube.ide.mcu.externaltools.gnu-tools-for-stm32.13.3.rel1.linux64_1.0.0.202410170706/tools/bin/../lib/gcc/arm-none-eabi/13.3.1/../../../../arm-none-eabi/lib/thumb/v7e-m+fp/hard/libc_nano.a(libc_a-memmove.o)
 .debug_frame   0x00000ab0       0x2c /opt/st/stm32cubeide_1.18.0/plugins/com.st.stm32cube.ide.mcu.externaltools.gnu-tools-for-stm32.13.3.rel1.linux64_1.0.0.202410170706/tools/bin/../lib/gcc/arm-none-eabi/13.3.1/../../../../arm-none-eabi/lib/thumb/v7e-m+fp/hard/libc_nano.a(libc_a-sbrkr.o)
 .debug_frame   0x00000adc       0x28 /opt/st/stm32cubeide_1.18.0/plugins/com.st.stm32cube.ide.mcu.externaltools.gnu-tools-for-stm32.13.3.rel1.linux64_1.0.0.202410170706/tools/bin/../lib/gcc/arm-none-eabi/13.3.1/../../../../arm-none-eabi/lib/thumb/v7e-m+fp/hard/libc_nano.a(libc_a-memcpy-stub.o)
 .debug_frame   0x00000b04       0x3c /opt/st/stm32cubeide_1.18.0/plugins/com.st.stm32cube.ide.mcu.externaltools.gnu-tools-for-stm32.13.3.rel1.linux64_1.0.0.202410170706/tools/bin/../lib/gcc/arm-none-eabi/13.3.1/../../../../arm-none-eabi/lib/thumb/v7e-m+fp/hard/libc_nano.a(libc_a-reallocr.o)
 .debug_frame   0x00000b40       0x20 /opt/st/stm32cubeide_1.18.0/plugins/com.st.stm32cube.ide.mcu.externaltools.gnu-tools-for-stm32.13.3.rel1.linux64_1.0.0.202410170706/tools/bin/../lib/gcc/arm-none-eabi/13.3.1/../../../../arm-none-eabi/lib/thumb/v7e-m+fp/hard/libc_nano.a(libc_a-msizer.o)

.debug_line_str
                0x00000000       0x4f
 .debug_line_str
                0x00000000       0x4f ./Startup/startup_stm32f446retx.o
