/home/jyuc/stm32_ws/libraries/F4_chip_headers/CMSIS/Include/core_cm4.h:1688:22:__NVIC_EnableIRQ	16	static
/home/jyuc/stm32_ws/libraries/F4_chip_headers/CMSIS/Include/core_cm4.h:1816:22:__NVIC_SetPriority	16	static
../Src/uart.c:24:6:UART1_Init	8	static
../Src/uart.c:50:6:UART2_Init	8	static
../Src/uart.c:77:6:UART3_Init	8	static
../Src/uart.c:104:6:UART_Init	8	static
../Src/uart.c:112:6:UART_SendByte	16	static
../Src/uart.c:118:6:UART_SendString	24	static
../Src/uart.c:133:9:UART_DataAvailable	16	static
../Src/uart.c:151:13:USART_RX_Handler	32	static
../Src/uart.c:171:6:USART1_IRQHandler	8	static
../Src/uart.c:176:6:USART2_IRQHandler	8	static
../Src/uart.c:181:6:USART3_IRQHandler	8	static
../Src/uart.c:185:9:UART_ReadByte	24	static
